Copyright 1986-2017 Xilinx, Inc. All Rights Reserved.
-----------------------------------------------------------------------------------------
| Tool Version : Vivado v.2017.4 (win64) Build 2086221 Fri Dec 15 20:55:39 MST 2017
| Date         : Tue Apr  3 20:43:28 2018
| Host         : Saldytuvas running 64-bit major release  (build 9200)
| Command      : report_control_sets -verbose -file zose_wrapper_control_sets_placed.rpt
| Design       : zose_wrapper
| Device       : xc7a35ti
-----------------------------------------------------------------------------------------

Control Set Information

Table of Contents
-----------------
1. Summary
2. Flip-Flop Distribution
3. Detailed Control Set Information

1. Summary
----------

+----------------------------------------------------------+-------+
|                          Status                          | Count |
+----------------------------------------------------------+-------+
| Number of unique control sets                            |     7 |
| Unused register locations in slices containing registers |    24 |
+----------------------------------------------------------+-------+


2. Flip-Flop Distribution
-------------------------

+--------------+-----------------------+------------------------+-----------------+--------------+
| Clock Enable | Synchronous Set/Reset | Asynchronous Set/Reset | Total Registers | Total Slices |
+--------------+-----------------------+------------------------+-----------------+--------------+
| No           | No                    | No                     |              88 |           29 |
| No           | No                    | Yes                    |               0 |            0 |
| No           | Yes                   | No                     |              10 |            2 |
| Yes          | No                    | No                     |              32 |           15 |
| Yes          | No                    | Yes                    |               0 |            0 |
| Yes          | Yes                   | No                     |              14 |            3 |
+--------------+-----------------------+------------------------+-----------------+--------------+


3. Detailed Control Set Information
-----------------------------------

+-----------------------------------+------------------------------------------+------------------------------------------------+------------------+----------------+
|            Clock Signal           |               Enable Signal              |                Set/Reset Signal                | Slice Load Count | Bel Load Count |
+-----------------------------------+------------------------------------------+------------------------------------------------+------------------+----------------+
| ~zose_i/clocker_0/inst/out_bclock |                                          |                                                |                1 |              1 |
|  zose_i/clk_wiz_0/inst/clk_12288  |                                          | zose_i/clocker_0/inst/bclk_divider[4]_i_1_n_0  |                1 |              5 |
| ~zose_i/clocker_0/inst/out_bclock |                                          | zose_i/clocker_0/inst/lrclk_divider[4]_i_1_n_0 |                1 |              5 |
|  zose_i/clk_wiz_0/inst/clk_100    | zose_i/sinus_sampler_0/inst/audio_data_1 | zose_i/sinus_sampler_0/inst/i_rep[6]_i_1_n_0   |                3 |             14 |
|  zose_i/clk_wiz_0/inst/clk_100    | zose_i/driver_output_0/inst/out_pdata    |                                                |               15 |             32 |
|  zose_i/clk_wiz_0/inst/clk_12288  |                                          |                                                |                7 |             33 |
|  zose_i/clk_wiz_0/inst/clk_100    |                                          |                                                |               21 |             54 |
+-----------------------------------+------------------------------------------+------------------------------------------------+------------------+----------------+


+--------+-----------------------+
| Fanout | Number of ControlSets |
+--------+-----------------------+
| 1      |                     1 |
| 5      |                     2 |
| 14     |                     1 |
| 16+    |                     3 |
+--------+-----------------------+


